MPLINK 5.09, LINKER
Linker Map File - Created Mon Sep 25 19:23:50 2023

                                 Section Info
                  Section       Type    Address   Location Size(Bytes)
                ---------  ---------  ---------  ---------  ---------
                   .org_0       code   0x000000    program   0x0002aa
                   .cinit    romdata   0x000155    program   0x000004
.config_2007_BUILD/DEFAULT/PRODUCTION/ENVIADO       code   0x002007    program   0x000002
.config_2008_BUILD/DEFAULT/PRODUCTION/ENVIADO       code   0x002008    program   0x000002



                              Program Memory Usage 
                               Start         End      
                           ---------   ---------      
                            0x000000    0x000156      
                            0x002007    0x002008      
            345 out of 8455 program addresses used, program memory utilization is 4%



                              Symbols - Sorted by Name
                     Name    Address   Location    Storage File                     
                ---------  ---------  ---------  --------- ---------                
                   CICLO1   0x0000fa    program     static C:\Users\ACER\Documents\1. UPIITA\5° Semestre\Microprocesadores\PRÁCTICAS\PRACTICA02\SERIE_LEDS.INC
                   CICLO2   0x0000fe    program     static C:\Users\ACER\Documents\1. UPIITA\5° Semestre\Microprocesadores\PRÁCTICAS\PRACTICA02\SERIE_LEDS.INC
                   CICLO3   0x000102    program     static C:\Users\ACER\Documents\1. UPIITA\5° Semestre\Microprocesadores\PRÁCTICAS\PRACTICA02\SERIE_LEDS.INC
                   CICLO4   0x000109    program     static C:\Users\ACER\Documents\1. UPIITA\5° Semestre\Microprocesadores\PRÁCTICAS\PRACTICA02\SERIE_LEDS.INC
                   CICLO5   0x000111    program     static C:\Users\ACER\Documents\1. UPIITA\5° Semestre\Microprocesadores\PRÁCTICAS\PRACTICA02\SERIE_LEDS.INC
                   CICLOP   0x0000e8    program     static ENVIADOS\Practica2.asm   
             DECIDEBUTTON   0x000015    program     static ENVIADOS\Practica2.asm   
                  DECRE2V   0x00013b    program     static C:\Users\ACER\Documents\1. UPIITA\5° Semestre\Microprocesadores\PRÁCTICAS\PRACTICA02\SUNTIME.INC
                  DECRE3V   0x000149    program     static C:\Users\ACER\Documents\1. UPIITA\5° Semestre\Microprocesadores\PRÁCTICAS\PRACTICA02\SUNTIME.INC
                 DESBORDE   0x0000bc    program     static ENVIADOS\Practica2.asm   
                 DIVISION   0x0000c0    program     static ENVIADOS\Practica2.asm   
                    DIVX2   0x000123    program     static C:\Users\ACER\Documents\1. UPIITA\5° Semestre\Microprocesadores\PRÁCTICAS\PRACTICA02\SERIE_LEDS.INC
                      FIN   0x0000b8    program     static ENVIADOS\Practica2.asm   
                   FINDIV   0x0000dd    program     static ENVIADOS\Practica2.asm   
                GRADOS135   0x000072    program     static ENVIADOS\Practica2.asm   
                 GRADOS45   0x00002d    program     static ENVIADOS\Practica2.asm   
                 GRADOS90   0x00004f    program     static ENVIADOS\Practica2.asm   
                     HERE   0x000127    program     static C:\Users\ACER\Documents\1. UPIITA\5° Semestre\Microprocesadores\PRÁCTICAS\PRACTICA02\SERIE_LEDS.INC
                    HERE2   0x00012c    program     static C:\Users\ACER\Documents\1. UPIITA\5° Semestre\Microprocesadores\PRÁCTICAS\PRACTICA02\SERIE_LEDS.INC
                    LUCES   0x0000f5    program     static C:\Users\ACER\Documents\1. UPIITA\5° Semestre\Microprocesadores\PRÁCTICAS\PRACTICA02\SERIE_LEDS.INC
           MULTIPLICACION   0x0000ad    program     static ENVIADOS\Practica2.asm   
                   MULTX2   0x00011d    program     static C:\Users\ACER\Documents\1. UPIITA\5° Semestre\Microprocesadores\PRÁCTICAS\PRACTICA02\SERIE_LEDS.INC
                NORESIDUO   0x0000d4    program     static ENVIADOS\Practica2.asm   
                   OTHER1   0x00001e    program     static ENVIADOS\Practica2.asm   
                 PARPADEO   0x0000e3    program     static ENVIADOS\Practica2.asm   
                  PWM135G   0x000084    program     static ENVIADOS\Practica2.asm   
                   PWM45G   0x00003f    program     static ENVIADOS\Practica2.asm   
                   PWM90G   0x000061    program     static ENVIADOS\Practica2.asm   
                RECARGA3V   0x000147    program     static C:\Users\ACER\Documents\1. UPIITA\5° Semestre\Microprocesadores\PRÁCTICAS\PRACTICA02\SUNTIME.INC
                  RESIDUO   0x0000d8    program     static ENVIADOS\Practica2.asm   
                    RESTA   0x00009d    program     static ENVIADOS\Practica2.asm   
                     ST1V   0x000131    program     static C:\Users\ACER\Documents\1. UPIITA\5° Semestre\Microprocesadores\PRÁCTICAS\PRACTICA02\SUNTIME.INC
                     ST2V   0x000139    program     static C:\Users\ACER\Documents\1. UPIITA\5° Semestre\Microprocesadores\PRÁCTICAS\PRACTICA02\SUNTIME.INC
                     ST3V   0x000145    program     static C:\Users\ACER\Documents\1. UPIITA\5° Semestre\Microprocesadores\PRÁCTICAS\PRACTICA02\SUNTIME.INC
                    START   0x0000b3    program     static ENVIADOS\Practica2.asm   
                 STARTDIV   0x0000cc    program     static ENVIADOS\Practica2.asm   
                SUBT300MS   0x000114    program     static C:\Users\ACER\Documents\1. UPIITA\5° Semestre\Microprocesadores\PRÁCTICAS\PRACTICA02\SERIE_LEDS.INC
                SUBT500MS   0x0000ed    program     static ENVIADOS\Practica2.asm   
                     SUMA   0x000093    program     static ENVIADOS\Practica2.asm   
             _.org_0_0022   0x000022    program     static ENVIADOS\Practica2.asm   
             _.org_0_0024   0x000024    program     static ENVIADOS\Practica2.asm   
             _.org_0_0029   0x000029    program     static ENVIADOS\Practica2.asm   
             _.org_0_002B   0x00002b    program     static ENVIADOS\Practica2.asm   
             _.org_0_0036   0x000036    program     static ENVIADOS\Practica2.asm   
             _.org_0_0058   0x000058    program     static ENVIADOS\Practica2.asm   
             _.org_0_007B   0x00007b    program     static ENVIADOS\Practica2.asm   
             _.org_0_009E   0x00009e    program     static ENVIADOS\Practica2.asm   
             _.org_0_00A0   0x0000a0    program     static ENVIADOS\Practica2.asm   
             _.org_0_00C1   0x0000c1    program     static ENVIADOS\Practica2.asm   
             _.org_0_00C3   0x0000c3    program     static ENVIADOS\Practica2.asm   
             _.org_0_00D7   0x0000d7    program     static ENVIADOS\Practica2.asm   
             _.org_0_00DC   0x0000dc    program     static ENVIADOS\Practica2.asm   
             _.org_0_00E2   0x0000e2    program     static ENVIADOS\Practica2.asm   
_________________________LUCES__   0x000114    program     static C:\Users\ACER\Documents\1. UPIITA\5° Semestre\Microprocesadores\PRÁCTICAS\PRACTICA02\SERIE_LEDS.INC



                              Symbols - Sorted by Address
                     Name    Address   Location    Storage File                     
                ---------  ---------  ---------  --------- ---------                
             DECIDEBUTTON   0x000015    program     static ENVIADOS\Practica2.asm   
                   OTHER1   0x00001e    program     static ENVIADOS\Practica2.asm   
             _.org_0_0022   0x000022    program     static ENVIADOS\Practica2.asm   
             _.org_0_0024   0x000024    program     static ENVIADOS\Practica2.asm   
             _.org_0_0029   0x000029    program     static ENVIADOS\Practica2.asm   
             _.org_0_002B   0x00002b    program     static ENVIADOS\Practica2.asm   
                 GRADOS45   0x00002d    program     static ENVIADOS\Practica2.asm   
             _.org_0_0036   0x000036    program     static ENVIADOS\Practica2.asm   
                   PWM45G   0x00003f    program     static ENVIADOS\Practica2.asm   
                 GRADOS90   0x00004f    program     static ENVIADOS\Practica2.asm   
             _.org_0_0058   0x000058    program     static ENVIADOS\Practica2.asm   
                   PWM90G   0x000061    program     static ENVIADOS\Practica2.asm   
                GRADOS135   0x000072    program     static ENVIADOS\Practica2.asm   
             _.org_0_007B   0x00007b    program     static ENVIADOS\Practica2.asm   
                  PWM135G   0x000084    program     static ENVIADOS\Practica2.asm   
                     SUMA   0x000093    program     static ENVIADOS\Practica2.asm   
                    RESTA   0x00009d    program     static ENVIADOS\Practica2.asm   
             _.org_0_009E   0x00009e    program     static ENVIADOS\Practica2.asm   
             _.org_0_00A0   0x0000a0    program     static ENVIADOS\Practica2.asm   
           MULTIPLICACION   0x0000ad    program     static ENVIADOS\Practica2.asm   
                    START   0x0000b3    program     static ENVIADOS\Practica2.asm   
                      FIN   0x0000b8    program     static ENVIADOS\Practica2.asm   
                 DESBORDE   0x0000bc    program     static ENVIADOS\Practica2.asm   
                 DIVISION   0x0000c0    program     static ENVIADOS\Practica2.asm   
             _.org_0_00C1   0x0000c1    program     static ENVIADOS\Practica2.asm   
             _.org_0_00C3   0x0000c3    program     static ENVIADOS\Practica2.asm   
                 STARTDIV   0x0000cc    program     static ENVIADOS\Practica2.asm   
                NORESIDUO   0x0000d4    program     static ENVIADOS\Practica2.asm   
             _.org_0_00D7   0x0000d7    program     static ENVIADOS\Practica2.asm   
                  RESIDUO   0x0000d8    program     static ENVIADOS\Practica2.asm   
             _.org_0_00DC   0x0000dc    program     static ENVIADOS\Practica2.asm   
                   FINDIV   0x0000dd    program     static ENVIADOS\Practica2.asm   
             _.org_0_00E2   0x0000e2    program     static ENVIADOS\Practica2.asm   
                 PARPADEO   0x0000e3    program     static ENVIADOS\Practica2.asm   
                   CICLOP   0x0000e8    program     static ENVIADOS\Practica2.asm   
                SUBT500MS   0x0000ed    program     static ENVIADOS\Practica2.asm   
                    LUCES   0x0000f5    program     static C:\Users\ACER\Documents\1. UPIITA\5° Semestre\Microprocesadores\PRÁCTICAS\PRACTICA02\SERIE_LEDS.INC
                   CICLO1   0x0000fa    program     static C:\Users\ACER\Documents\1. UPIITA\5° Semestre\Microprocesadores\PRÁCTICAS\PRACTICA02\SERIE_LEDS.INC
                   CICLO2   0x0000fe    program     static C:\Users\ACER\Documents\1. UPIITA\5° Semestre\Microprocesadores\PRÁCTICAS\PRACTICA02\SERIE_LEDS.INC
                   CICLO3   0x000102    program     static C:\Users\ACER\Documents\1. UPIITA\5° Semestre\Microprocesadores\PRÁCTICAS\PRACTICA02\SERIE_LEDS.INC
                   CICLO4   0x000109    program     static C:\Users\ACER\Documents\1. UPIITA\5° Semestre\Microprocesadores\PRÁCTICAS\PRACTICA02\SERIE_LEDS.INC
                   CICLO5   0x000111    program     static C:\Users\ACER\Documents\1. UPIITA\5° Semestre\Microprocesadores\PRÁCTICAS\PRACTICA02\SERIE_LEDS.INC
_________________________LUCES__   0x000114    program     static C:\Users\ACER\Documents\1. UPIITA\5° Semestre\Microprocesadores\PRÁCTICAS\PRACTICA02\SERIE_LEDS.INC
                SUBT300MS   0x000114    program     static C:\Users\ACER\Documents\1. UPIITA\5° Semestre\Microprocesadores\PRÁCTICAS\PRACTICA02\SERIE_LEDS.INC
                   MULTX2   0x00011d    program     static C:\Users\ACER\Documents\1. UPIITA\5° Semestre\Microprocesadores\PRÁCTICAS\PRACTICA02\SERIE_LEDS.INC
                    DIVX2   0x000123    program     static C:\Users\ACER\Documents\1. UPIITA\5° Semestre\Microprocesadores\PRÁCTICAS\PRACTICA02\SERIE_LEDS.INC
                     HERE   0x000127    program     static C:\Users\ACER\Documents\1. UPIITA\5° Semestre\Microprocesadores\PRÁCTICAS\PRACTICA02\SERIE_LEDS.INC
                    HERE2   0x00012c    program     static C:\Users\ACER\Documents\1. UPIITA\5° Semestre\Microprocesadores\PRÁCTICAS\PRACTICA02\SERIE_LEDS.INC
                     ST1V   0x000131    program     static C:\Users\ACER\Documents\1. UPIITA\5° Semestre\Microprocesadores\PRÁCTICAS\PRACTICA02\SUNTIME.INC
                     ST2V   0x000139    program     static C:\Users\ACER\Documents\1. UPIITA\5° Semestre\Microprocesadores\PRÁCTICAS\PRACTICA02\SUNTIME.INC
                  DECRE2V   0x00013b    program     static C:\Users\ACER\Documents\1. UPIITA\5° Semestre\Microprocesadores\PRÁCTICAS\PRACTICA02\SUNTIME.INC
                     ST3V   0x000145    program     static C:\Users\ACER\Documents\1. UPIITA\5° Semestre\Microprocesadores\PRÁCTICAS\PRACTICA02\SUNTIME.INC
                RECARGA3V   0x000147    program     static C:\Users\ACER\Documents\1. UPIITA\5° Semestre\Microprocesadores\PRÁCTICAS\PRACTICA02\SUNTIME.INC
                  DECRE3V   0x000149    program     static C:\Users\ACER\Documents\1. UPIITA\5° Semestre\Microprocesadores\PRÁCTICAS\PRACTICA02\SUNTIME.INC


