MPLINK 5.09, LINKER
Linker Map File - Created Mon Sep 25 06:28:03 2023

                                 Section Info
                  Section       Type    Address   Location Size(Bytes)
                ---------  ---------  ---------  ---------  ---------
                   .org_0       code   0x000000    program   0x000150
                   .cinit    romdata   0x0000a8    program   0x000004
.config_2007_BUILD/DEFAULT/PRODUCTION/APOYO_P       code   0x002007    program   0x000002
.config_2008_BUILD/DEFAULT/PRODUCTION/APOYO_P       code   0x002008    program   0x000002



                              Program Memory Usage 
                               Start         End      
                           ---------   ---------      
                            0x000000    0x0000a9      
                            0x002007    0x002008      
            172 out of 8455 program addresses used, program memory utilization is 2%



                              Symbols - Sorted by Name
                     Name    Address   Location    Storage File                     
                ---------  ---------  ---------  --------- ---------                
                   CICLO1   0x00004b    program     static C:\Users\ACER\Documents\1. UPIITA\5° Semestre\Microprocesadores\PRÁCTICAS\PRACTICA02\SERIE_LEDS.INC
                   CICLO2   0x00004f    program     static C:\Users\ACER\Documents\1. UPIITA\5° Semestre\Microprocesadores\PRÁCTICAS\PRACTICA02\SERIE_LEDS.INC
                   CICLO3   0x000053    program     static C:\Users\ACER\Documents\1. UPIITA\5° Semestre\Microprocesadores\PRÁCTICAS\PRACTICA02\SERIE_LEDS.INC
                   CICLO4   0x00005a    program     static C:\Users\ACER\Documents\1. UPIITA\5° Semestre\Microprocesadores\PRÁCTICAS\PRACTICA02\SERIE_LEDS.INC
                   CICLO5   0x000062    program     static C:\Users\ACER\Documents\1. UPIITA\5° Semestre\Microprocesadores\PRÁCTICAS\PRACTICA02\SERIE_LEDS.INC
                  DECRE2V   0x00008e    program     static C:\Users\ACER\Documents\1. UPIITA\5° Semestre\Microprocesadores\PRÁCTICAS\PRACTICA02\SUNTIME.INC
                  DECRE3V   0x00009c    program     static C:\Users\ACER\Documents\1. UPIITA\5° Semestre\Microprocesadores\PRÁCTICAS\PRACTICA02\SUNTIME.INC
                    DIVX2   0x000075    program     static C:\Users\ACER\Documents\1. UPIITA\5° Semestre\Microprocesadores\PRÁCTICAS\PRACTICA02\SERIE_LEDS.INC
                     HERE   0x000079    program     static C:\Users\ACER\Documents\1. UPIITA\5° Semestre\Microprocesadores\PRÁCTICAS\PRACTICA02\SERIE_LEDS.INC
                    HERE2   0x00007e    program     static C:\Users\ACER\Documents\1. UPIITA\5° Semestre\Microprocesadores\PRÁCTICAS\PRACTICA02\SERIE_LEDS.INC
                    LUCES   0x000046    program     static C:\Users\ACER\Documents\1. UPIITA\5° Semestre\Microprocesadores\PRÁCTICAS\PRACTICA02\SERIE_LEDS.INC
                   MULTX2   0x00006f    program     static C:\Users\ACER\Documents\1. UPIITA\5° Semestre\Microprocesadores\PRÁCTICAS\PRACTICA02\SERIE_LEDS.INC
                  P_ANTIR   0x000031    program     static C:\Users\ACER\Documents\1. UPIITA\5° Semestre\Microprocesadores\PRÁCTICAS\PRACTICA02\APOYO\APOYO_P02.asm
                RECARGA3V   0x00009a    program     static C:\Users\ACER\Documents\1. UPIITA\5° Semestre\Microprocesadores\PRÁCTICAS\PRACTICA02\SUNTIME.INC
                   REPITE   0x000021    program     static C:\Users\ACER\Documents\1. UPIITA\5° Semestre\Microprocesadores\PRÁCTICAS\PRACTICA02\APOYO\APOYO_P02.asm
                 SERIELUZ   0x000046    program     static C:\Users\ACER\Documents\1. UPIITA\5° Semestre\Microprocesadores\PRÁCTICAS\PRACTICA02\SERIE_LEDS.INC
                     ST1V   0x000084    program     static C:\Users\ACER\Documents\1. UPIITA\5° Semestre\Microprocesadores\PRÁCTICAS\PRACTICA02\SUNTIME.INC
                     ST2V   0x00008c    program     static C:\Users\ACER\Documents\1. UPIITA\5° Semestre\Microprocesadores\PRÁCTICAS\PRACTICA02\SUNTIME.INC
                     ST3V   0x000098    program     static C:\Users\ACER\Documents\1. UPIITA\5° Semestre\Microprocesadores\PRÁCTICAS\PRACTICA02\SUNTIME.INC
                SUBT300MS   0x000066    program     static C:\Users\ACER\Documents\1. UPIITA\5° Semestre\Microprocesadores\PRÁCTICAS\PRACTICA02\SERIE_LEDS.INC
               TIEMPOPROF   0x000029    program     static C:\Users\ACER\Documents\1. UPIITA\5° Semestre\Microprocesadores\PRÁCTICAS\PRACTICA02\APOYO\APOYO_P02.asm
             _.org_0_0032   0x000032    program     static C:\Users\ACER\Documents\1. UPIITA\5° Semestre\Microprocesadores\PRÁCTICAS\PRACTICA02\APOYO\APOYO_P02.asm
             _.org_0_0034   0x000034    program     static C:\Users\ACER\Documents\1. UPIITA\5° Semestre\Microprocesadores\PRÁCTICAS\PRACTICA02\APOYO\APOYO_P02.asm
_________________________LUCES__   0x000066    program     static C:\Users\ACER\Documents\1. UPIITA\5° Semestre\Microprocesadores\PRÁCTICAS\PRACTICA02\SERIE_LEDS.INC



                              Symbols - Sorted by Address
                     Name    Address   Location    Storage File                     
                ---------  ---------  ---------  --------- ---------                
                   REPITE   0x000021    program     static C:\Users\ACER\Documents\1. UPIITA\5° Semestre\Microprocesadores\PRÁCTICAS\PRACTICA02\APOYO\APOYO_P02.asm
               TIEMPOPROF   0x000029    program     static C:\Users\ACER\Documents\1. UPIITA\5° Semestre\Microprocesadores\PRÁCTICAS\PRACTICA02\APOYO\APOYO_P02.asm
                  P_ANTIR   0x000031    program     static C:\Users\ACER\Documents\1. UPIITA\5° Semestre\Microprocesadores\PRÁCTICAS\PRACTICA02\APOYO\APOYO_P02.asm
             _.org_0_0032   0x000032    program     static C:\Users\ACER\Documents\1. UPIITA\5° Semestre\Microprocesadores\PRÁCTICAS\PRACTICA02\APOYO\APOYO_P02.asm
             _.org_0_0034   0x000034    program     static C:\Users\ACER\Documents\1. UPIITA\5° Semestre\Microprocesadores\PRÁCTICAS\PRACTICA02\APOYO\APOYO_P02.asm
                 SERIELUZ   0x000046    program     static C:\Users\ACER\Documents\1. UPIITA\5° Semestre\Microprocesadores\PRÁCTICAS\PRACTICA02\SERIE_LEDS.INC
                    LUCES   0x000046    program     static C:\Users\ACER\Documents\1. UPIITA\5° Semestre\Microprocesadores\PRÁCTICAS\PRACTICA02\SERIE_LEDS.INC
                   CICLO1   0x00004b    program     static C:\Users\ACER\Documents\1. UPIITA\5° Semestre\Microprocesadores\PRÁCTICAS\PRACTICA02\SERIE_LEDS.INC
                   CICLO2   0x00004f    program     static C:\Users\ACER\Documents\1. UPIITA\5° Semestre\Microprocesadores\PRÁCTICAS\PRACTICA02\SERIE_LEDS.INC
                   CICLO3   0x000053    program     static C:\Users\ACER\Documents\1. UPIITA\5° Semestre\Microprocesadores\PRÁCTICAS\PRACTICA02\SERIE_LEDS.INC
                   CICLO4   0x00005a    program     static C:\Users\ACER\Documents\1. UPIITA\5° Semestre\Microprocesadores\PRÁCTICAS\PRACTICA02\SERIE_LEDS.INC
                   CICLO5   0x000062    program     static C:\Users\ACER\Documents\1. UPIITA\5° Semestre\Microprocesadores\PRÁCTICAS\PRACTICA02\SERIE_LEDS.INC
_________________________LUCES__   0x000066    program     static C:\Users\ACER\Documents\1. UPIITA\5° Semestre\Microprocesadores\PRÁCTICAS\PRACTICA02\SERIE_LEDS.INC
                SUBT300MS   0x000066    program     static C:\Users\ACER\Documents\1. UPIITA\5° Semestre\Microprocesadores\PRÁCTICAS\PRACTICA02\SERIE_LEDS.INC
                   MULTX2   0x00006f    program     static C:\Users\ACER\Documents\1. UPIITA\5° Semestre\Microprocesadores\PRÁCTICAS\PRACTICA02\SERIE_LEDS.INC
                    DIVX2   0x000075    program     static C:\Users\ACER\Documents\1. UPIITA\5° Semestre\Microprocesadores\PRÁCTICAS\PRACTICA02\SERIE_LEDS.INC
                     HERE   0x000079    program     static C:\Users\ACER\Documents\1. UPIITA\5° Semestre\Microprocesadores\PRÁCTICAS\PRACTICA02\SERIE_LEDS.INC
                    HERE2   0x00007e    program     static C:\Users\ACER\Documents\1. UPIITA\5° Semestre\Microprocesadores\PRÁCTICAS\PRACTICA02\SERIE_LEDS.INC
                     ST1V   0x000084    program     static C:\Users\ACER\Documents\1. UPIITA\5° Semestre\Microprocesadores\PRÁCTICAS\PRACTICA02\SUNTIME.INC
                     ST2V   0x00008c    program     static C:\Users\ACER\Documents\1. UPIITA\5° Semestre\Microprocesadores\PRÁCTICAS\PRACTICA02\SUNTIME.INC
                  DECRE2V   0x00008e    program     static C:\Users\ACER\Documents\1. UPIITA\5° Semestre\Microprocesadores\PRÁCTICAS\PRACTICA02\SUNTIME.INC
                     ST3V   0x000098    program     static C:\Users\ACER\Documents\1. UPIITA\5° Semestre\Microprocesadores\PRÁCTICAS\PRACTICA02\SUNTIME.INC
                RECARGA3V   0x00009a    program     static C:\Users\ACER\Documents\1. UPIITA\5° Semestre\Microprocesadores\PRÁCTICAS\PRACTICA02\SUNTIME.INC
                  DECRE3V   0x00009c    program     static C:\Users\ACER\Documents\1. UPIITA\5° Semestre\Microprocesadores\PRÁCTICAS\PRACTICA02\SUNTIME.INC


